../Middlewares/STM32_MotionSP_Library/Src/MotionSP.c:103:13:MotionSP_speedDelOffset	40	static
../Middlewares/STM32_MotionSP_Library/Src/MotionSP.c:283:13:MotionSP_SwAccPkEval	24	static
../Middlewares/STM32_MotionSP_Library/Src/MotionSP.c:310:13:MotionSP_TD_PeakEvalFromCircBuff	24	static
../Middlewares/STM32_MotionSP_Library/Src/MotionSP.c:329:13:MotionSP_TD_SpeedEvalFromCircBuff	32	static
../Middlewares/STM32_MotionSP_Library/Src/MotionSP.c:141:13:MotionSP_evalSpeedFromAccelero	32	static
../Middlewares/STM32_MotionSP_Library/Src/MotionSP.c:200:13:MotionSP_SwSpeedRmsFilter	72	static
../Middlewares/STM32_MotionSP_Library/Src/MotionSP.c:241:13:MotionSP_SwAccRmsFilter	72	static
../Middlewares/STM32_MotionSP_Library/Src/MotionSP.c:368:13:MotionSP_TD_AccRmsEvalFromCircBuff	64	static
../Middlewares/STM32_MotionSP_Library/Src/MotionSP.c:410:6:MotionSP_accDelOffset	40	static
../Middlewares/STM32_MotionSP_Library/Src/MotionSP.c:449:6:MotionSP_CreateAccCircBuffer	32	static
../Middlewares/STM32_MotionSP_Library/Src/MotionSP.c:472:6:MotionSP_TimeDomainProcess	24	static
../Middlewares/STM32_MotionSP_Library/Src/MotionSP.c:516:6:MotionSP_TimeDomainEvalFromCircBuff	64	static
../Middlewares/STM32_MotionSP_Library/Src/MotionSP.c:585:6:MotionSP_fftCalc	16	static
../Middlewares/STM32_MotionSP_Library/Src/MotionSP.c:602:6:MotionSP_fftAdapt	32	static
../Middlewares/STM32_MotionSP_Library/Src/MotionSP.c:627:6:MotionSP_fftAdapting	40	static
../Middlewares/STM32_MotionSP_Library/Src/MotionSP.c:656:6:MotionSP_fftFindPeak	16	static
../Middlewares/STM32_MotionSP_Library/Src/MotionSP.c:668:6:MotionSP_fftPeakFinding	16	static
../Middlewares/STM32_MotionSP_Library/Src/MotionSP.c:684:6:MotionSP_SetWindFiltArray	32	static
../Middlewares/STM32_MotionSP_Library/Src/MotionSP.c:739:6:motionSP_fftUseWindow	8	static
../Middlewares/STM32_MotionSP_Library/Src/MotionSP.c:754:9:MotionSP_fftInBuild	24	static
../Middlewares/STM32_MotionSP_Library/Src/MotionSP.c:797:9:MotionSP_fftAverageCalcSamples	32	static
../Middlewares/STM32_MotionSP_Library/Src/MotionSP.c:847:9:MotionSP_fftAverageCalcTime	32	static
../Middlewares/STM32_MotionSP_Library/Src/MotionSP.c:883:6:MotionSP_FrequencyDomainProcess	32	static
../Middlewares/STM32_MotionSP_Library/Src/MotionSP.c:966:6:MotionSP_fftExecution	32	static
../Middlewares/STM32_MotionSP_Library/Src/MotionSP.c:1059:6:MotionSP_evalMaxAmplitudeRange	48	static
../Middlewares/STM32_MotionSP_Library/Src/MotionSP.c:1079:17:MotionSP_GetRealAcceleroOdr	0	static
../Middlewares/STM32_MotionSP_Library/Src/MotionSP.c:1088:24:MotionSP_GetParameters	0	static
../Middlewares/STM32_MotionSP_Library/Src/MotionSP.c:1097:19:MotionSP_GetAccMagResults	0	static
../Middlewares/STM32_MotionSP_Library/Src/MotionSP.c:1106:20:MotionSP_GetTimeDomainData	0	static
