C:/Users/Nakor/STM32Cube/Example/LoRaWAN_End_Node/LoRaWAN/App/lora_app.c:806:13:OnSysTimeUpdate	0	static
C:/Users/Nakor/STM32Cube/Example/LoRaWAN_End_Node/LoRaWAN/App/lora_app.c:854:13:OnTxFrameCtrlChanged	0	static
C:/Users/Nakor/STM32Cube/Example/LoRaWAN_End_Node/LoRaWAN/App/lora_app.c:865:13:OnPingSlotPeriodicityChanged	0	static
C:/Users/Nakor/STM32Cube/Example/LoRaWAN_End_Node/LoRaWAN/App/lora_app.c:771:13:OnBeaconStatusChange	72	static
C:/Users/Nakor/STM32Cube/Example/LoRaWAN_End_Node/LoRaWAN/App/lora_app.c:813:13:OnClassChange	16	static
C:/Users/Nakor/STM32Cube/Example/LoRaWAN_End_Node/LoRaWAN/App/lora_app.c:965:13:OnNvmDataChange	8	static
C:/Users/Nakor/STM32Cube/Example/LoRaWAN_End_Node/LoRaWAN/App/lora_app.c:350:13:Req_sensor_value	8	static
C:/Users/Nakor/STM32Cube/Example/LoRaWAN_End_Node/LoRaWAN/App/lora_app.c:680:13:OnTxTimerEvent	8	static
C:/Users/Nakor/STM32Cube/Example/LoRaWAN_End_Node/LoRaWAN/App/lora_app.c:820:13:OnMacProcessNotify	8	static
C:/Users/Nakor/STM32Cube/Example/LoRaWAN_End_Node/LoRaWAN/App/lora_app.c:876:13:OnSystemReset	8	static,ignoring_inline_asm
C:/Users/Nakor/STM32Cube/Example/LoRaWAN_End_Node/LoRaWAN/App/lora_app.c:832:13:OnTxPeriodicityChanged	8	static
C:/Users/Nakor/STM32Cube/Example/LoRaWAN_End_Node/LoRaWAN/App/lora_app.c:712:13:OnTxData	24	static
C:/Users/Nakor/STM32Cube/Example/LoRaWAN_End_Node/LoRaWAN/App/lora_app.c:741:13:OnJoinRequest	16	static
C:/Users/Nakor/STM32Cube/Example/LoRaWAN_End_Node/LoRaWAN/App/lora_app.c:927:13:OnStopJoinTimerEvent	8	static
C:/Users/Nakor/STM32Cube/Example/LoRaWAN_End_Node/LoRaWAN/App/lora_app.c:700:13:OnRxTimerLedEvent	8	static
C:/Users/Nakor/STM32Cube/Example/LoRaWAN_End_Node/LoRaWAN/App/lora_app.c:695:13:OnTxTimerLedEvent	8	static
C:/Users/Nakor/STM32Cube/Example/LoRaWAN_End_Node/LoRaWAN/App/lora_app.c:484:13:OnRxData	40	static
C:/Users/Nakor/STM32Cube/Example/LoRaWAN_End_Node/LoRaWAN/App/lora_app.c:983:13:OnStoreContextRequest	16	static
C:/Users/Nakor/STM32Cube/Example/LoRaWAN_End_Node/LoRaWAN/App/lora_app.c:998:13:OnRestoreContextRequest	8	static
C:/Users/Nakor/STM32Cube/Example/LoRaWAN_End_Node/LoRaWAN/App/lora_app.c:890:13:StopJoin	16	static
C:/Users/Nakor/STM32Cube/Example/LoRaWAN_End_Node/LoRaWAN/App/lora_app.c:943:13:StoreContext	8	static
C:/Users/Nakor/STM32Cube/Example/LoRaWAN_End_Node/LoRaWAN/App/lora_app.c:564:13:SendTxData	48	static
C:/Users/Nakor/STM32Cube/Example/LoRaWAN_End_Node/LoRaWAN/App/lora_app.c:705:13:OnJoinTimerLedEvent	8	static
C:/Users/Nakor/STM32Cube/Example/LoRaWAN_End_Node/LoRaWAN/App/lora_app.c:362:6:LoRaWAN_Init	48	static
C:/Users/Nakor/STM32Cube/Example/LoRaWAN_End_Node/LoRaWAN/App/lora_app.c:458:6:HAL_GPIO_EXTI_Callback	0	static
