../Drivers/BSP/IKS02A1/iks02a1_mems_control.c:26:6:BSP_SENSOR_ACC_Init	8	static
../Drivers/BSP/IKS02A1/iks02a1_mems_control.c:36:6:BSP_SENSOR_GYR_Init	8	static
../Drivers/BSP/IKS02A1/iks02a1_mems_control.c:46:6:BSP_SENSOR_MAG_Init	0	static
../Drivers/BSP/IKS02A1/iks02a1_mems_control.c:56:6:BSP_SENSOR_PRESS_Init	0	static
../Drivers/BSP/IKS02A1/iks02a1_mems_control.c:65:6:BSP_SENSOR_TEMP_Init	0	static
../Drivers/BSP/IKS02A1/iks02a1_mems_control.c:74:6:BSP_SENSOR_HUM_Init	0	static
../Drivers/BSP/IKS02A1/iks02a1_mems_control.c:83:6:BSP_SENSOR_ACC_Enable	8	static
../Drivers/BSP/IKS02A1/iks02a1_mems_control.c:93:6:BSP_SENSOR_GYR_Enable	8	static
../Drivers/BSP/IKS02A1/iks02a1_mems_control.c:103:6:BSP_SENSOR_MAG_Enable	0	static
../Drivers/BSP/IKS02A1/iks02a1_mems_control.c:113:6:BSP_SENSOR_PRESS_Enable	0	static
../Drivers/BSP/IKS02A1/iks02a1_mems_control.c:122:6:BSP_SENSOR_TEMP_Enable	0	static
../Drivers/BSP/IKS02A1/iks02a1_mems_control.c:131:6:BSP_SENSOR_HUM_Enable	0	static
../Drivers/BSP/IKS02A1/iks02a1_mems_control.c:140:6:BSP_SENSOR_ACC_Disable	8	static
../Drivers/BSP/IKS02A1/iks02a1_mems_control.c:150:6:BSP_SENSOR_GYR_Disable	8	static
../Drivers/BSP/IKS02A1/iks02a1_mems_control.c:160:6:BSP_SENSOR_MAG_Disable	0	static
../Drivers/BSP/IKS02A1/iks02a1_mems_control.c:170:6:BSP_SENSOR_PRESS_Disable	0	static
../Drivers/BSP/IKS02A1/iks02a1_mems_control.c:179:6:BSP_SENSOR_TEMP_Disable	0	static
../Drivers/BSP/IKS02A1/iks02a1_mems_control.c:188:6:BSP_SENSOR_HUM_Disable	0	static
../Drivers/BSP/IKS02A1/iks02a1_mems_control.c:197:6:BSP_SENSOR_ACC_GetAxes	8	static
../Drivers/BSP/IKS02A1/iks02a1_mems_control.c:207:6:BSP_SENSOR_GYR_GetAxes	8	static
../Drivers/BSP/IKS02A1/iks02a1_mems_control.c:217:6:BSP_SENSOR_MAG_GetAxes	0	static
../Drivers/BSP/IKS02A1/iks02a1_mems_control.c:227:6:BSP_SENSOR_PRESS_GetValue	0	static
../Drivers/BSP/IKS02A1/iks02a1_mems_control.c:236:6:BSP_SENSOR_TEMP_GetValue	0	static
../Drivers/BSP/IKS02A1/iks02a1_mems_control.c:245:6:BSP_SENSOR_HUM_GetValue	0	static
../Drivers/BSP/IKS02A1/iks02a1_mems_control.c:254:6:BSP_SENSOR_ACC_SetOutputDataRate	8	static
../Drivers/BSP/IKS02A1/iks02a1_mems_control.c:264:6:BSP_SENSOR_GYR_SetOutputDataRate	8	static
../Drivers/BSP/IKS02A1/iks02a1_mems_control.c:274:6:BSP_SENSOR_MAG_SetOutputDataRate	0	static
../Drivers/BSP/IKS02A1/iks02a1_mems_control.c:284:6:BSP_SENSOR_PRESS_SetOutputDataRate	0	static
../Drivers/BSP/IKS02A1/iks02a1_mems_control.c:293:6:BSP_SENSOR_TEMP_SetOutputDataRate	0	static
../Drivers/BSP/IKS02A1/iks02a1_mems_control.c:302:6:BSP_SENSOR_HUM_SetOutputDataRate	0	static
../Drivers/BSP/IKS02A1/iks02a1_mems_control.c:311:6:BSP_SENSOR_ACC_GetOutputDataRate	8	static
../Drivers/BSP/IKS02A1/iks02a1_mems_control.c:321:6:BSP_SENSOR_GYR_GetOutputDataRate	8	static
../Drivers/BSP/IKS02A1/iks02a1_mems_control.c:331:6:BSP_SENSOR_MAG_GetOutputDataRate	0	static
../Drivers/BSP/IKS02A1/iks02a1_mems_control.c:341:6:BSP_SENSOR_PRESS_GetOutputDataRate	0	static
../Drivers/BSP/IKS02A1/iks02a1_mems_control.c:350:6:BSP_SENSOR_TEMP_GetOutputDataRate	0	static
../Drivers/BSP/IKS02A1/iks02a1_mems_control.c:359:6:BSP_SENSOR_HUM_GetOutputDataRate	0	static
../Drivers/BSP/IKS02A1/iks02a1_mems_control.c:368:6:BSP_SENSOR_ACC_SetFullScale	8	static
../Drivers/BSP/IKS02A1/iks02a1_mems_control.c:378:6:BSP_SENSOR_GYR_SetFullScale	8	static
../Drivers/BSP/IKS02A1/iks02a1_mems_control.c:388:6:BSP_SENSOR_MAG_SetFullScale	0	static
../Drivers/BSP/IKS02A1/iks02a1_mems_control.c:398:6:BSP_SENSOR_ACC_GetFullScale	8	static
../Drivers/BSP/IKS02A1/iks02a1_mems_control.c:408:6:BSP_SENSOR_GYR_GetFullScale	8	static
../Drivers/BSP/IKS02A1/iks02a1_mems_control.c:418:6:BSP_SENSOR_MAG_GetFullScale	0	static
