C:/Users/Nakor/STM32Cube/Example/LoRaWAN_End_Node/Drivers/BSP/Components/ilps22qs/ilps22qs_reg.c:86:13:bytecpy	0	static
C:/Users/Nakor/STM32Cube/Example/LoRaWAN_End_Node/Drivers/BSP/Components/ilps22qs/ilps22qs_reg.c:48:9:ilps22qs_read_reg	8	static
C:/Users/Nakor/STM32Cube/Example/LoRaWAN_End_Node/Drivers/BSP/Components/ilps22qs/ilps22qs_reg.c:66:9:ilps22qs_write_reg	8	static
C:/Users/Nakor/STM32Cube/Example/LoRaWAN_End_Node/Drivers/BSP/Components/ilps22qs/ilps22qs_reg.c:106:9:ilps22qs_from_fs1260_to_hPa	8	static
C:/Users/Nakor/STM32Cube/Example/LoRaWAN_End_Node/Drivers/BSP/Components/ilps22qs/ilps22qs_reg.c:111:9:ilps22qs_from_fs4000_to_hPa	8	static
C:/Users/Nakor/STM32Cube/Example/LoRaWAN_End_Node/Drivers/BSP/Components/ilps22qs/ilps22qs_reg.c:116:9:ilps22qs_from_lsb_to_celsius	8	static
C:/Users/Nakor/STM32Cube/Example/LoRaWAN_End_Node/Drivers/BSP/Components/ilps22qs/ilps22qs_reg.c:142:9:ilps22qs_id_get	16	static
C:/Users/Nakor/STM32Cube/Example/LoRaWAN_End_Node/Drivers/BSP/Components/ilps22qs/ilps22qs_reg.c:161:9:ilps22qs_bus_mode_set	24	static
C:/Users/Nakor/STM32Cube/Example/LoRaWAN_End_Node/Drivers/BSP/Components/ilps22qs/ilps22qs_reg.c:196:9:ilps22qs_bus_mode_get	24	static
C:/Users/Nakor/STM32Cube/Example/LoRaWAN_End_Node/Drivers/BSP/Components/ilps22qs/ilps22qs_reg.c:248:9:ilps22qs_init_set	32	static
C:/Users/Nakor/STM32Cube/Example/LoRaWAN_End_Node/Drivers/BSP/Components/ilps22qs/ilps22qs_reg.c:296:9:ilps22qs_status_get	32	static
C:/Users/Nakor/STM32Cube/Example/LoRaWAN_End_Node/Drivers/BSP/Components/ilps22qs/ilps22qs_reg.c:339:9:ilps22qs_pin_conf_set	24	static
C:/Users/Nakor/STM32Cube/Example/LoRaWAN_End_Node/Drivers/BSP/Components/ilps22qs/ilps22qs_reg.c:364:9:ilps22qs_pin_conf_get	16	static
C:/Users/Nakor/STM32Cube/Example/LoRaWAN_End_Node/Drivers/BSP/Components/ilps22qs/ilps22qs_reg.c:385:9:ilps22qs_all_sources_get	32	static
C:/Users/Nakor/STM32Cube/Example/LoRaWAN_End_Node/Drivers/BSP/Components/ilps22qs/ilps22qs_reg.c:426:9:ilps22qs_mode_set	32	static
C:/Users/Nakor/STM32Cube/Example/LoRaWAN_End_Node/Drivers/BSP/Components/ilps22qs/ilps22qs_reg.c:462:9:ilps22qs_mode_get	32	static
C:/Users/Nakor/STM32Cube/Example/LoRaWAN_End_Node/Drivers/BSP/Components/ilps22qs/ilps22qs_reg.c:581:9:ilps22qs_trigger_sw	16	static
C:/Users/Nakor/STM32Cube/Example/LoRaWAN_End_Node/Drivers/BSP/Components/ilps22qs/ilps22qs_reg.c:606:9:ilps22qs_ah_qvar_en_set	24	static
C:/Users/Nakor/STM32Cube/Example/LoRaWAN_End_Node/Drivers/BSP/Components/ilps22qs/ilps22qs_reg.c:630:9:ilps22qs_ah_qvar_en_get	16	static
C:/Users/Nakor/STM32Cube/Example/LoRaWAN_End_Node/Drivers/BSP/Components/ilps22qs/ilps22qs_reg.c:650:9:ilps22qs_data_get	24	static
C:/Users/Nakor/STM32Cube/Example/LoRaWAN_End_Node/Drivers/BSP/Components/ilps22qs/ilps22qs_reg.c:694:9:ilps22qs_ah_qvar_data_get	16	static
C:/Users/Nakor/STM32Cube/Example/LoRaWAN_End_Node/Drivers/BSP/Components/ilps22qs/ilps22qs_reg.c:733:9:ilps22qs_fifo_mode_set	32	static
C:/Users/Nakor/STM32Cube/Example/LoRaWAN_End_Node/Drivers/BSP/Components/ilps22qs/ilps22qs_reg.c:776:9:ilps22qs_fifo_mode_get	32	static
C:/Users/Nakor/STM32Cube/Example/LoRaWAN_End_Node/Drivers/BSP/Components/ilps22qs/ilps22qs_reg.c:827:9:ilps22qs_fifo_level_get	16	static
C:/Users/Nakor/STM32Cube/Example/LoRaWAN_End_Node/Drivers/BSP/Components/ilps22qs/ilps22qs_reg.c:851:9:ilps22qs_fifo_data_get	48	static
C:/Users/Nakor/STM32Cube/Example/LoRaWAN_End_Node/Drivers/BSP/Components/ilps22qs/ilps22qs_reg.c:905:9:ilps22qs_interrupt_mode_set	24	static
C:/Users/Nakor/STM32Cube/Example/LoRaWAN_End_Node/Drivers/BSP/Components/ilps22qs/ilps22qs_reg.c:930:9:ilps22qs_interrupt_mode_get	16	static
C:/Users/Nakor/STM32Cube/Example/LoRaWAN_End_Node/Drivers/BSP/Components/ilps22qs/ilps22qs_reg.c:951:9:ilps22qs_ah_qvar_disable	16	static
C:/Users/Nakor/STM32Cube/Example/LoRaWAN_End_Node/Drivers/BSP/Components/ilps22qs/ilps22qs_reg.c:982:9:ilps22qs_int_on_threshold_mode_set	32	static
C:/Users/Nakor/STM32Cube/Example/LoRaWAN_End_Node/Drivers/BSP/Components/ilps22qs/ilps22qs_reg.c:1020:9:ilps22qs_int_on_threshold_mode_get	32	static
C:/Users/Nakor/STM32Cube/Example/LoRaWAN_End_Node/Drivers/BSP/Components/ilps22qs/ilps22qs_reg.c:1064:9:ilps22qs_reference_mode_set	24	static
C:/Users/Nakor/STM32Cube/Example/LoRaWAN_End_Node/Drivers/BSP/Components/ilps22qs/ilps22qs_reg.c:1094:9:ilps22qs_reference_mode_get	16	static
C:/Users/Nakor/STM32Cube/Example/LoRaWAN_End_Node/Drivers/BSP/Components/ilps22qs/ilps22qs_reg.c:1129:9:ilps22qs_opc_set	16	static
C:/Users/Nakor/STM32Cube/Example/LoRaWAN_End_Node/Drivers/BSP/Components/ilps22qs/ilps22qs_reg.c:1150:9:ilps22qs_opc_get	16	static
