C:/Users/Nakor/STM32Cube/Example/LoRaWAN_End_Node/Drivers/BSP/Components/ilps22qs/ilps22qs.c:214:9:ILPS22QS_GetCapabilities	0	static
C:/Users/Nakor/STM32Cube/Example/LoRaWAN_End_Node/Drivers/BSP/Components/ilps22qs/ilps22qs.c:696:16:ILPS22QS_SetOutputDataRate_When_Disabled	16	static
C:/Users/Nakor/STM32Cube/Example/LoRaWAN_End_Node/Drivers/BSP/Components/ilps22qs/ilps22qs.c:934:16:ReadRegWrap	8	static
C:/Users/Nakor/STM32Cube/Example/LoRaWAN_End_Node/Drivers/BSP/Components/ilps22qs/ilps22qs.c:949:16:WriteRegWrap	8	static
C:/Users/Nakor/STM32Cube/Example/LoRaWAN_End_Node/Drivers/BSP/Components/ilps22qs/ilps22qs.c:252:9:ILPS22QS_PRESS_Enable	8	static
C:/Users/Nakor/STM32Cube/Example/LoRaWAN_End_Node/Drivers/BSP/Components/ilps22qs/ilps22qs.c:403:9:ILPS22QS_TEMP_Enable	8	static
C:/Users/Nakor/STM32Cube/Example/LoRaWAN_End_Node/Drivers/BSP/Components/ilps22qs/ilps22qs.c:715:16:ILPS22QS_Initialize	24	static
C:/Users/Nakor/STM32Cube/Example/LoRaWAN_End_Node/Drivers/BSP/Components/ilps22qs/ilps22qs.c:149:9:ILPS22QS_Init	8	static
C:/Users/Nakor/STM32Cube/Example/LoRaWAN_End_Node/Drivers/BSP/Components/ilps22qs/ilps22qs.c:276:9:ILPS22QS_PRESS_Disable	24	static
C:/Users/Nakor/STM32Cube/Example/LoRaWAN_End_Node/Drivers/BSP/Components/ilps22qs/ilps22qs.c:597:16:ILPS22QS_GetOutputDataRate	16	static
C:/Users/Nakor/STM32Cube/Example/LoRaWAN_End_Node/Drivers/BSP/Components/ilps22qs/ilps22qs.c:318:9:ILPS22QS_PRESS_GetOutputDataRate	8	static
C:/Users/Nakor/STM32Cube/Example/LoRaWAN_End_Node/Drivers/BSP/Components/ilps22qs/ilps22qs.c:469:9:ILPS22QS_TEMP_GetOutputDataRate	8	static
C:/Users/Nakor/STM32Cube/Example/LoRaWAN_End_Node/Drivers/BSP/Components/ilps22qs/ilps22qs.c:659:16:ILPS22QS_SetOutputDataRate_When_Enabled	24	static
C:/Users/Nakor/STM32Cube/Example/LoRaWAN_End_Node/Drivers/BSP/Components/ilps22qs/ilps22qs.c:329:9:ILPS22QS_PRESS_SetOutputDataRate	8	static
C:/Users/Nakor/STM32Cube/Example/LoRaWAN_End_Node/Drivers/BSP/Components/ilps22qs/ilps22qs.c:480:9:ILPS22QS_TEMP_SetOutputDataRate	8	static
C:/Users/Nakor/STM32Cube/Example/LoRaWAN_End_Node/Drivers/BSP/Components/ilps22qs/ilps22qs.c:427:9:ILPS22QS_TEMP_Disable	24	static
C:/Users/Nakor/STM32Cube/Example/LoRaWAN_End_Node/Drivers/BSP/Components/ilps22qs/ilps22qs.c:169:9:ILPS22QS_DeInit	8	static
C:/Users/Nakor/STM32Cube/Example/LoRaWAN_End_Node/Drivers/BSP/Components/ilps22qs/ilps22qs.c:195:9:ILPS22QS_ReadID	16	static
C:/Users/Nakor/STM32Cube/Example/LoRaWAN_End_Node/Drivers/BSP/Components/ilps22qs/ilps22qs.c:348:9:ILPS22QS_PRESS_GetPressure	40	static
C:/Users/Nakor/STM32Cube/Example/LoRaWAN_End_Node/Drivers/BSP/Components/ilps22qs/ilps22qs.c:499:9:ILPS22QS_TEMP_GetTemperature	40	static
C:/Users/Nakor/STM32Cube/Example/LoRaWAN_End_Node/Drivers/BSP/Components/ilps22qs/ilps22qs.c:235:9:ILPS22QS_Get_Init_Status	0	static
C:/Users/Nakor/STM32Cube/Example/LoRaWAN_End_Node/Drivers/BSP/Components/ilps22qs/ilps22qs.c:384:9:ILPS22QS_PRESS_Get_DRDY_Status	16	static
C:/Users/Nakor/STM32Cube/Example/LoRaWAN_End_Node/Drivers/BSP/Components/ilps22qs/ilps22qs.c:535:9:ILPS22QS_TEMP_Get_DRDY_Status	16	static
C:/Users/Nakor/STM32Cube/Example/LoRaWAN_End_Node/Drivers/BSP/Components/ilps22qs/ilps22qs.c:556:9:ILPS22QS_Read_Reg	8	static
C:/Users/Nakor/STM32Cube/Example/LoRaWAN_End_Node/Drivers/BSP/Components/ilps22qs/ilps22qs.c:573:9:ILPS22QS_Write_Reg	16	static
C:/Users/Nakor/STM32Cube/Example/LoRaWAN_End_Node/Drivers/BSP/Components/ilps22qs/ilps22qs.c:92:9:ILPS22QS_RegisterBusIO	8	static
C:/Users/Nakor/STM32Cube/Example/LoRaWAN_End_Node/Drivers/BSP/Components/ilps22qs/ilps22qs.c:774:9:ILPS22QS_Set_One_Shot	16	static
C:/Users/Nakor/STM32Cube/Example/LoRaWAN_End_Node/Drivers/BSP/Components/ilps22qs/ilps22qs.c:798:9:ILPS22QS_Get_One_Shot_Status	24	static
C:/Users/Nakor/STM32Cube/Example/LoRaWAN_End_Node/Drivers/BSP/Components/ilps22qs/ilps22qs.c:833:9:ILPS22QS_Set_AVG	24	static
C:/Users/Nakor/STM32Cube/Example/LoRaWAN_End_Node/Drivers/BSP/Components/ilps22qs/ilps22qs.c:890:9:ILPS22QS_Set_LPF	24	static
