C:/Users/Nakor/STM32Cube/Example/LoRaWAN_End_Node/Drivers/BSP/Components/ism330dhcx/ism330dhcx.c:282:9:ISM330DHCX_GetCapabilities	0	static
C:/Users/Nakor/STM32Cube/Example/LoRaWAN_End_Node/Drivers/BSP/Components/ism330dhcx/ism330dhcx.c:3018:16:ISM330DHCX_ACC_SetOutputDataRate_When_Disabled	16	static
C:/Users/Nakor/STM32Cube/Example/LoRaWAN_End_Node/Drivers/BSP/Components/ism330dhcx/ism330dhcx.c:3070:16:ISM330DHCX_GYRO_SetOutputDataRate_When_Disabled	16	static
C:/Users/Nakor/STM32Cube/Example/LoRaWAN_End_Node/Drivers/BSP/Components/ism330dhcx/ism330dhcx.c:3144:16:ReadRegWrap	8	static
C:/Users/Nakor/STM32Cube/Example/LoRaWAN_End_Node/Drivers/BSP/Components/ism330dhcx/ism330dhcx.c:3159:16:WriteRegWrap	8	static
C:/Users/Nakor/STM32Cube/Example/LoRaWAN_End_Node/Drivers/BSP/Components/ism330dhcx/ism330dhcx.c:305:9:ISM330DHCX_ACC_Enable	8	static
C:/Users/Nakor/STM32Cube/Example/LoRaWAN_End_Node/Drivers/BSP/Components/ism330dhcx/ism330dhcx.c:2988:16:ISM330DHCX_ACC_SetOutputDataRate_When_Enabled	16	static
C:/Users/Nakor/STM32Cube/Example/LoRaWAN_End_Node/Drivers/BSP/Components/ism330dhcx/ism330dhcx.c:475:9:ISM330DHCX_ACC_SetOutputDataRate	8	static
C:/Users/Nakor/STM32Cube/Example/LoRaWAN_End_Node/Drivers/BSP/Components/ism330dhcx/ism330dhcx.c:537:9:ISM330DHCX_ACC_SetFullScale	8	static
C:/Users/Nakor/STM32Cube/Example/LoRaWAN_End_Node/Drivers/BSP/Components/ism330dhcx/ism330dhcx.c:616:9:ISM330DHCX_GYRO_Enable	8	static
C:/Users/Nakor/STM32Cube/Example/LoRaWAN_End_Node/Drivers/BSP/Components/ism330dhcx/ism330dhcx.c:3040:16:ISM330DHCX_GYRO_SetOutputDataRate_When_Enabled	16	static
C:/Users/Nakor/STM32Cube/Example/LoRaWAN_End_Node/Drivers/BSP/Components/ism330dhcx/ism330dhcx.c:794:9:ISM330DHCX_GYRO_SetOutputDataRate	8	static
C:/Users/Nakor/STM32Cube/Example/LoRaWAN_End_Node/Drivers/BSP/Components/ism330dhcx/ism330dhcx.c:158:9:ISM330DHCX_Init	16	static
C:/Users/Nakor/STM32Cube/Example/LoRaWAN_End_Node/Drivers/BSP/Components/ism330dhcx/ism330dhcx.c:864:9:ISM330DHCX_GYRO_SetFullScale	8	static
C:/Users/Nakor/STM32Cube/Example/LoRaWAN_End_Node/Drivers/BSP/Components/ism330dhcx/ism330dhcx.c:266:9:ISM330DHCX_ReadID	8	static
C:/Users/Nakor/STM32Cube/Example/LoRaWAN_End_Node/Drivers/BSP/Components/ism330dhcx/ism330dhcx.c:329:9:ISM330DHCX_ACC_Disable	16	static
C:/Users/Nakor/STM32Cube/Example/LoRaWAN_End_Node/Drivers/BSP/Components/ism330dhcx/ism330dhcx.c:404:9:ISM330DHCX_ACC_GetOutputDataRate	16	static
C:/Users/Nakor/STM32Cube/Example/LoRaWAN_End_Node/Drivers/BSP/Components/ism330dhcx/ism330dhcx.c:360:9:ISM330DHCX_ACC_GetSensitivity	16	static
C:/Users/Nakor/STM32Cube/Example/LoRaWAN_End_Node/Drivers/BSP/Components/ism330dhcx/ism330dhcx.c:494:9:ISM330DHCX_ACC_GetFullScale	16	static
C:/Users/Nakor/STM32Cube/Example/LoRaWAN_End_Node/Drivers/BSP/Components/ism330dhcx/ism330dhcx.c:562:9:ISM330DHCX_ACC_GetAxesRaw	16	static
C:/Users/Nakor/STM32Cube/Example/LoRaWAN_End_Node/Drivers/BSP/Components/ism330dhcx/ism330dhcx.c:586:9:ISM330DHCX_ACC_GetAxes	32	static
C:/Users/Nakor/STM32Cube/Example/LoRaWAN_End_Node/Drivers/BSP/Components/ism330dhcx/ism330dhcx.c:640:9:ISM330DHCX_GYRO_Disable	16	static
C:/Users/Nakor/STM32Cube/Example/LoRaWAN_End_Node/Drivers/BSP/Components/ism330dhcx/ism330dhcx.c:238:9:ISM330DHCX_DeInit	8	static
C:/Users/Nakor/STM32Cube/Example/LoRaWAN_End_Node/Drivers/BSP/Components/ism330dhcx/ism330dhcx.c:723:9:ISM330DHCX_GYRO_GetOutputDataRate	16	static
C:/Users/Nakor/STM32Cube/Example/LoRaWAN_End_Node/Drivers/BSP/Components/ism330dhcx/ism330dhcx.c:671:9:ISM330DHCX_GYRO_GetSensitivity	16	static
C:/Users/Nakor/STM32Cube/Example/LoRaWAN_End_Node/Drivers/BSP/Components/ism330dhcx/ism330dhcx.c:813:9:ISM330DHCX_GYRO_GetFullScale	16	static
C:/Users/Nakor/STM32Cube/Example/LoRaWAN_End_Node/Drivers/BSP/Components/ism330dhcx/ism330dhcx.c:889:9:ISM330DHCX_GYRO_GetAxesRaw	16	static
C:/Users/Nakor/STM32Cube/Example/LoRaWAN_End_Node/Drivers/BSP/Components/ism330dhcx/ism330dhcx.c:913:9:ISM330DHCX_GYRO_GetAxes	32	static
C:/Users/Nakor/STM32Cube/Example/LoRaWAN_End_Node/Drivers/BSP/Components/ism330dhcx/ism330dhcx.c:945:9:ISM330DHCX_Read_Reg	8	static
C:/Users/Nakor/STM32Cube/Example/LoRaWAN_End_Node/Drivers/BSP/Components/ism330dhcx/ism330dhcx.c:962:9:ISM330DHCX_Write_Reg	16	static
C:/Users/Nakor/STM32Cube/Example/LoRaWAN_End_Node/Drivers/BSP/Components/ism330dhcx/ism330dhcx.c:100:9:ISM330DHCX_RegisterBusIO	8	static
C:/Users/Nakor/STM32Cube/Example/LoRaWAN_End_Node/Drivers/BSP/Components/ism330dhcx/ism330dhcx.c:978:9:ISM330DHCX_Set_Interrupt_Latch	8	static
C:/Users/Nakor/STM32Cube/Example/LoRaWAN_End_Node/Drivers/BSP/Components/ism330dhcx/ism330dhcx.c:999:9:ISM330DHCX_Set_INT1_Drdy	24	static
C:/Users/Nakor/STM32Cube/Example/LoRaWAN_End_Node/Drivers/BSP/Components/ism330dhcx/ism330dhcx.c:1024:9:ISM330DHCX_Set_Drdy_Mode	8	static
C:/Users/Nakor/STM32Cube/Example/LoRaWAN_End_Node/Drivers/BSP/Components/ism330dhcx/ism330dhcx.c:1039:9:ISM330DHCX_ACC_Enable_Free_Fall_Detection	32	static
C:/Users/Nakor/STM32Cube/Example/LoRaWAN_End_Node/Drivers/BSP/Components/ism330dhcx/ism330dhcx.c:1125:9:ISM330DHCX_ACC_Disable_Free_Fall_Detection	24	static
C:/Users/Nakor/STM32Cube/Example/LoRaWAN_End_Node/Drivers/BSP/Components/ism330dhcx/ism330dhcx.c:1176:9:ISM330DHCX_ACC_Set_Free_Fall_Threshold	8	static
C:/Users/Nakor/STM32Cube/Example/LoRaWAN_End_Node/Drivers/BSP/Components/ism330dhcx/ism330dhcx.c:1192:9:ISM330DHCX_ACC_Set_Free_Fall_Duration	8	static
C:/Users/Nakor/STM32Cube/Example/LoRaWAN_End_Node/Drivers/BSP/Components/ism330dhcx/ism330dhcx.c:1208:9:ISM330DHCX_ACC_Enable_Wake_Up_Detection	32	static
C:/Users/Nakor/STM32Cube/Example/LoRaWAN_End_Node/Drivers/BSP/Components/ism330dhcx/ism330dhcx.c:1282:9:ISM330DHCX_ACC_Disable_Wake_Up_Detection	24	static
C:/Users/Nakor/STM32Cube/Example/LoRaWAN_End_Node/Drivers/BSP/Components/ism330dhcx/ism330dhcx.c:1333:9:ISM330DHCX_ACC_Set_Wake_Up_Threshold	8	static
C:/Users/Nakor/STM32Cube/Example/LoRaWAN_End_Node/Drivers/BSP/Components/ism330dhcx/ism330dhcx.c:1350:9:ISM330DHCX_ACC_Set_Wake_Up_Duration	8	static
C:/Users/Nakor/STM32Cube/Example/LoRaWAN_End_Node/Drivers/BSP/Components/ism330dhcx/ism330dhcx.c:1367:9:ISM330DHCX_ACC_Enable_Single_Tap_Detection	32	static
C:/Users/Nakor/STM32Cube/Example/LoRaWAN_End_Node/Drivers/BSP/Components/ism330dhcx/ism330dhcx.c:1469:9:ISM330DHCX_ACC_Disable_Single_Tap_Detection	24	static
C:/Users/Nakor/STM32Cube/Example/LoRaWAN_End_Node/Drivers/BSP/Components/ism330dhcx/ism330dhcx.c:1544:9:ISM330DHCX_ACC_Enable_Double_Tap_Detection	32	static
C:/Users/Nakor/STM32Cube/Example/LoRaWAN_End_Node/Drivers/BSP/Components/ism330dhcx/ism330dhcx.c:1654:9:ISM330DHCX_ACC_Disable_Double_Tap_Detection	24	static
C:/Users/Nakor/STM32Cube/Example/LoRaWAN_End_Node/Drivers/BSP/Components/ism330dhcx/ism330dhcx.c:1741:9:ISM330DHCX_ACC_Set_Tap_Threshold	8	static
C:/Users/Nakor/STM32Cube/Example/LoRaWAN_End_Node/Drivers/BSP/Components/ism330dhcx/ism330dhcx.c:1758:9:ISM330DHCX_ACC_Set_Tap_Shock_Time	8	static
C:/Users/Nakor/STM32Cube/Example/LoRaWAN_End_Node/Drivers/BSP/Components/ism330dhcx/ism330dhcx.c:1775:9:ISM330DHCX_ACC_Set_Tap_Quiet_Time	8	static
C:/Users/Nakor/STM32Cube/Example/LoRaWAN_End_Node/Drivers/BSP/Components/ism330dhcx/ism330dhcx.c:1792:9:ISM330DHCX_ACC_Set_Tap_Duration_Time	8	static
C:/Users/Nakor/STM32Cube/Example/LoRaWAN_End_Node/Drivers/BSP/Components/ism330dhcx/ism330dhcx.c:1809:9:ISM330DHCX_ACC_Enable_6D_Orientation	32	static
C:/Users/Nakor/STM32Cube/Example/LoRaWAN_End_Node/Drivers/BSP/Components/ism330dhcx/ism330dhcx.c:1877:9:ISM330DHCX_ACC_Disable_6D_Orientation	24	static
C:/Users/Nakor/STM32Cube/Example/LoRaWAN_End_Node/Drivers/BSP/Components/ism330dhcx/ism330dhcx.c:1922:9:ISM330DHCX_ACC_Set_6D_Orientation_Threshold	8	static
C:/Users/Nakor/STM32Cube/Example/LoRaWAN_End_Node/Drivers/BSP/Components/ism330dhcx/ism330dhcx.c:1938:9:ISM330DHCX_ACC_Get_6D_Orientation_XL	16	static
C:/Users/Nakor/STM32Cube/Example/LoRaWAN_End_Node/Drivers/BSP/Components/ism330dhcx/ism330dhcx.c:1958:9:ISM330DHCX_ACC_Get_6D_Orientation_XH	16	static
C:/Users/Nakor/STM32Cube/Example/LoRaWAN_End_Node/Drivers/BSP/Components/ism330dhcx/ism330dhcx.c:1978:9:ISM330DHCX_ACC_Get_6D_Orientation_YL	16	static
C:/Users/Nakor/STM32Cube/Example/LoRaWAN_End_Node/Drivers/BSP/Components/ism330dhcx/ism330dhcx.c:1998:9:ISM330DHCX_ACC_Get_6D_Orientation_YH	16	static
C:/Users/Nakor/STM32Cube/Example/LoRaWAN_End_Node/Drivers/BSP/Components/ism330dhcx/ism330dhcx.c:2018:9:ISM330DHCX_ACC_Get_6D_Orientation_ZL	16	static
C:/Users/Nakor/STM32Cube/Example/LoRaWAN_End_Node/Drivers/BSP/Components/ism330dhcx/ism330dhcx.c:2038:9:ISM330DHCX_ACC_Get_6D_Orientation_ZH	16	static
C:/Users/Nakor/STM32Cube/Example/LoRaWAN_End_Node/Drivers/BSP/Components/ism330dhcx/ism330dhcx.c:2058:9:ISM330DHCX_ACC_Get_Event_Status	40	static
C:/Users/Nakor/STM32Cube/Example/LoRaWAN_End_Node/Drivers/BSP/Components/ism330dhcx/ism330dhcx.c:2148:9:ISM330DHCX_ACC_Set_SelfTest	8	static
C:/Users/Nakor/STM32Cube/Example/LoRaWAN_End_Node/Drivers/BSP/Components/ism330dhcx/ism330dhcx.c:2171:9:ISM330DHCX_ACC_Get_DRDY_Status	8	static
C:/Users/Nakor/STM32Cube/Example/LoRaWAN_End_Node/Drivers/BSP/Components/ism330dhcx/ism330dhcx.c:2187:9:ISM330DHCX_ACC_Get_Init_Status	0	static
C:/Users/Nakor/STM32Cube/Example/LoRaWAN_End_Node/Drivers/BSP/Components/ism330dhcx/ism330dhcx.c:2205:9:ISM330DHCX_ACC_Enable_HP_Filter	8	static
C:/Users/Nakor/STM32Cube/Example/LoRaWAN_End_Node/Drivers/BSP/Components/ism330dhcx/ism330dhcx.c:2220:9:ISM330DHCX_GYRO_Set_SelfTest	8	static
C:/Users/Nakor/STM32Cube/Example/LoRaWAN_End_Node/Drivers/BSP/Components/ism330dhcx/ism330dhcx.c:2244:9:ISM330DHCX_GYRO_Get_DRDY_Status	8	static
C:/Users/Nakor/STM32Cube/Example/LoRaWAN_End_Node/Drivers/BSP/Components/ism330dhcx/ism330dhcx.c:2260:9:ISM330DHCX_GYRO_Get_Init_Status	0	static
C:/Users/Nakor/STM32Cube/Example/LoRaWAN_End_Node/Drivers/BSP/Components/ism330dhcx/ism330dhcx.c:2278:9:ISM330DHCX_FIFO_Get_Num_Samples	8	static
C:/Users/Nakor/STM32Cube/Example/LoRaWAN_End_Node/Drivers/BSP/Components/ism330dhcx/ism330dhcx.c:2294:9:ISM330DHCX_FIFO_Get_Full_Status	24	static
C:/Users/Nakor/STM32Cube/Example/LoRaWAN_End_Node/Drivers/BSP/Components/ism330dhcx/ism330dhcx.c:2319:9:ISM330DHCX_FIFO_Get_All_Status	24	static
C:/Users/Nakor/STM32Cube/Example/LoRaWAN_End_Node/Drivers/BSP/Components/ism330dhcx/ism330dhcx.c:2348:9:ISM330DHCX_FIFO_ACC_Set_BDR	16	static
C:/Users/Nakor/STM32Cube/Example/LoRaWAN_End_Node/Drivers/BSP/Components/ism330dhcx/ism330dhcx.c:2377:9:ISM330DHCX_FIFO_GYRO_Set_BDR	16	static
C:/Users/Nakor/STM32Cube/Example/LoRaWAN_End_Node/Drivers/BSP/Components/ism330dhcx/ism330dhcx.c:2406:9:ISM330DHCX_FIFO_Set_INT1_FIFO_Full	24	static
C:/Users/Nakor/STM32Cube/Example/LoRaWAN_End_Node/Drivers/BSP/Components/ism330dhcx/ism330dhcx.c:2431:9:ISM330DHCX_FIFO_Set_INT1_FIFO_Threshold	24	static
C:/Users/Nakor/STM32Cube/Example/LoRaWAN_End_Node/Drivers/BSP/Components/ism330dhcx/ism330dhcx.c:2456:9:ISM330DHCX_FIFO_Set_INT1_FIFO_Overrun	24	static
C:/Users/Nakor/STM32Cube/Example/LoRaWAN_End_Node/Drivers/BSP/Components/ism330dhcx/ism330dhcx.c:2481:9:ISM330DHCX_FIFO_Set_INT2_FIFO_Full	24	static
C:/Users/Nakor/STM32Cube/Example/LoRaWAN_End_Node/Drivers/BSP/Components/ism330dhcx/ism330dhcx.c:2506:9:ISM330DHCX_FIFO_Set_INT2_FIFO_Threshold	24	static
C:/Users/Nakor/STM32Cube/Example/LoRaWAN_End_Node/Drivers/BSP/Components/ism330dhcx/ism330dhcx.c:2531:9:ISM330DHCX_FIFO_Set_INT2_FIFO_Overrun	24	static
C:/Users/Nakor/STM32Cube/Example/LoRaWAN_End_Node/Drivers/BSP/Components/ism330dhcx/ism330dhcx.c:2556:9:ISM330DHCX_FIFO_Set_Watermark_Level	8	static
C:/Users/Nakor/STM32Cube/Example/LoRaWAN_End_Node/Drivers/BSP/Components/ism330dhcx/ism330dhcx.c:2572:9:ISM330DHCX_FIFO_Set_Stop_On_Fth	8	static
C:/Users/Nakor/STM32Cube/Example/LoRaWAN_End_Node/Drivers/BSP/Components/ism330dhcx/ism330dhcx.c:2588:9:ISM330DHCX_FIFO_Set_Mode	8	static
C:/Users/Nakor/STM32Cube/Example/LoRaWAN_End_Node/Drivers/BSP/Components/ism330dhcx/ism330dhcx.c:2626:9:ISM330DHCX_FIFO_Get_Tag	16	static
C:/Users/Nakor/STM32Cube/Example/LoRaWAN_End_Node/Drivers/BSP/Components/ism330dhcx/ism330dhcx.c:2646:9:ISM330DHCX_FIFO_Get_Data	8	static
C:/Users/Nakor/STM32Cube/Example/LoRaWAN_End_Node/Drivers/BSP/Components/ism330dhcx/ism330dhcx.c:2662:9:ISM330DHCX_FIFO_ACC_Get_Axes	64	static
C:/Users/Nakor/STM32Cube/Example/LoRaWAN_End_Node/Drivers/BSP/Components/ism330dhcx/ism330dhcx.c:2700:9:ISM330DHCX_FIFO_GYRO_Get_Axes	64	static
C:/Users/Nakor/STM32Cube/Example/LoRaWAN_End_Node/Drivers/BSP/Components/ism330dhcx/ism330dhcx.c:2738:9:ISM330DHCX_FIFO_Full_Set_INT1	24	static
C:/Users/Nakor/STM32Cube/Example/LoRaWAN_End_Node/Drivers/BSP/Components/ism330dhcx/ism330dhcx.c:2763:9:ISM330DHCX_FIFO_ACC_Get_Axis	64	static
C:/Users/Nakor/STM32Cube/Example/LoRaWAN_End_Node/Drivers/BSP/Components/ism330dhcx/ism330dhcx.c:2801:9:ISM330DHCX_FIFO_Get_Data_Word	16	static
C:/Users/Nakor/STM32Cube/Example/LoRaWAN_End_Node/Drivers/BSP/Components/ism330dhcx/ism330dhcx.c:2823:9:ISM330DHCX_FIFO_GYRO_Get_Axis	64	static
C:/Users/Nakor/STM32Cube/Example/LoRaWAN_End_Node/Drivers/BSP/Components/ism330dhcx/ism330dhcx.c:2860:9:ISM330DHCX_ACC_Enable_DRDY_On_INT1	16	static
C:/Users/Nakor/STM32Cube/Example/LoRaWAN_End_Node/Drivers/BSP/Components/ism330dhcx/ism330dhcx.c:2886:9:ISM330DHCX_ACC_Disable_DRDY_On_INT1	16	static
C:/Users/Nakor/STM32Cube/Example/LoRaWAN_End_Node/Drivers/BSP/Components/ism330dhcx/ism330dhcx.c:2911:9:ISM330DHCX_GYRO_Enable_DRDY_On_INT2	16	static
C:/Users/Nakor/STM32Cube/Example/LoRaWAN_End_Node/Drivers/BSP/Components/ism330dhcx/ism330dhcx.c:2937:9:ISM330DHCX_GYRO_Disable_DRDY_On_INT2	16	static
C:/Users/Nakor/STM32Cube/Example/LoRaWAN_End_Node/Drivers/BSP/Components/ism330dhcx/ism330dhcx.c:2963:9:ISM330DHCX_DRDY_Set_Mode	8	static
C:/Users/Nakor/STM32Cube/Example/LoRaWAN_End_Node/Drivers/BSP/Components/ism330dhcx/ism330dhcx.c:3092:9:ISM330DHCX_FIFO_Set_INT2_Drdy	24	static
C:/Users/Nakor/STM32Cube/Example/LoRaWAN_End_Node/Drivers/BSP/Components/ism330dhcx/ism330dhcx.c:3117:9:ISM330DHCX_Set_INT2_Drdy	24	static
