C:/Users/Nakor/STM32Cube/Example/LoRaWAN_End_Node/Middlewares/Third_Party/LoRaWAN/Mac/Region/RegionEU868.c:119:12:RegionEU868GetPhyParam	8	static
C:/Users/Nakor/STM32Cube/Example/LoRaWAN_End_Node/Middlewares/Third_Party/LoRaWAN/Mac/Region/RegionEU868.c:336:6:RegionEU868SetBandTxDone	0	static
C:/Users/Nakor/STM32Cube/Example/LoRaWAN_End_Node/Middlewares/Third_Party/LoRaWAN/Mac/Region/RegionEU868.c:349:6:RegionEU868InitDefaults	0	static
C:/Users/Nakor/STM32Cube/Example/LoRaWAN_End_Node/Middlewares/Third_Party/LoRaWAN/Mac/Region/RegionEU868.c:421:6:RegionEU868Verify	0	static
C:/Users/Nakor/STM32Cube/Example/LoRaWAN_End_Node/Middlewares/Third_Party/LoRaWAN/Mac/Region/RegionEU868.c:461:6:RegionEU868ApplyCFList	0	static
C:/Users/Nakor/STM32Cube/Example/LoRaWAN_End_Node/Middlewares/Third_Party/LoRaWAN/Mac/Region/RegionEU868.c:522:6:RegionEU868ChanMaskSet	0	static
C:/Users/Nakor/STM32Cube/Example/LoRaWAN_End_Node/Middlewares/Third_Party/LoRaWAN/Mac/Region/RegionEU868.c:546:6:RegionEU868ComputeRxWindowParameters	0	static
C:/Users/Nakor/STM32Cube/Example/LoRaWAN_End_Node/Middlewares/Third_Party/LoRaWAN/Mac/Region/RegionEU868.c:568:6:RegionEU868RxConfig	0	static
C:/Users/Nakor/STM32Cube/Example/LoRaWAN_End_Node/Middlewares/Third_Party/LoRaWAN/Mac/Region/RegionEU868.c:630:6:RegionEU868TxConfig	0	static
C:/Users/Nakor/STM32Cube/Example/LoRaWAN_End_Node/Middlewares/Third_Party/LoRaWAN/Mac/Region/RegionEU868.c:674:9:RegionEU868LinkAdrReq	0	static
C:/Users/Nakor/STM32Cube/Example/LoRaWAN_End_Node/Middlewares/Third_Party/LoRaWAN/Mac/Region/RegionEU868.c:781:9:RegionEU868RxParamSetupReq	0	static
C:/Users/Nakor/STM32Cube/Example/LoRaWAN_End_Node/Middlewares/Third_Party/LoRaWAN/Mac/Region/RegionEU868.c:862:8:RegionEU868TxParamSetupReq	0	static
C:/Users/Nakor/STM32Cube/Example/LoRaWAN_End_Node/Middlewares/Third_Party/LoRaWAN/Mac/Region/RegionEU868.c:868:8:RegionEU868DlChannelReq	0	static
C:/Users/Nakor/STM32Cube/Example/LoRaWAN_End_Node/Middlewares/Third_Party/LoRaWAN/Mac/Region/RegionEU868.c:902:8:RegionEU868AlternateDr	0	static
C:/Users/Nakor/STM32Cube/Example/LoRaWAN_End_Node/Middlewares/Third_Party/LoRaWAN/Mac/Region/RegionEU868.c:911:17:RegionEU868NextChannel	0	static
C:/Users/Nakor/STM32Cube/Example/LoRaWAN_End_Node/Middlewares/Third_Party/LoRaWAN/Mac/Region/RegionEU868.c:970:17:RegionEU868ChannelAdd	0	static
C:/Users/Nakor/STM32Cube/Example/LoRaWAN_End_Node/Middlewares/Third_Party/LoRaWAN/Mac/Region/RegionEU868.c:1034:6:RegionEU868ChannelsRemove	0	static
C:/Users/Nakor/STM32Cube/Example/LoRaWAN_End_Node/Middlewares/Third_Party/LoRaWAN/Mac/Region/RegionEU868.c:809:8:RegionEU868NewChannelReq	24	static
C:/Users/Nakor/STM32Cube/Example/LoRaWAN_End_Node/Middlewares/Third_Party/LoRaWAN/Mac/Region/RegionEU868.c:1069:9:RegionEU868ApplyDrOffset	0	static
C:/Users/Nakor/STM32Cube/Example/LoRaWAN_End_Node/Middlewares/Third_Party/LoRaWAN/Mac/Region/RegionEU868.c:1084:6:RegionEU868RxBeaconSetup	0	static
